shared specialist config: {'lr': 0.0003574712922600243, 'batch_size': 16, 'latent_ch': 32, 'base_ch': 64, 'alpha': 0.8745991883601898, 'dropout': 0.0}
=== specialist: salt_pepper
  ep   1 train 0.2091 | val L1 0.0822 SSIM 0.5204 PSNR 19.33 obj 0.5617 (10s)
  ep   2 train 0.1200 | val L1 0.0723 SSIM 0.6433 PSNR 20.64 obj 0.4290 (8s)
  ep   3 train 0.1044 | val L1 0.0632 SSIM 0.7111 PSNR 21.69 obj 0.3522 (9s)
  ep   4 train 0.0954 | val L1 0.0773 SSIM 0.6717 PSNR 20.22 obj 0.4056 (9s)
  ep   5 train 0.0886 | val L1 0.0715 SSIM 0.7198 PSNR 20.78 obj 0.3517 (9s)
  ep   6 train 0.0860 | val L1 0.0687 SSIM 0.7384 PSNR 21.29 obj 0.3304 (9s)
  ep   7 train 0.0822 | val L1 0.0614 SSIM 0.7917 PSNR 22.13 obj 0.2696 (9s)
  ep   8 train 0.0812 | val L1 0.0597 SSIM 0.8002 PSNR 22.40 obj 0.2595 (9s)
  ep   9 train 0.0781 | val L1 0.0797 SSIM 0.7792 PSNR 20.10 obj 0.3005 (9s)
  ep  10 train 0.0730 | val L1 0.0484 SSIM 0.8020 PSNR 24.18 obj 0.2464 (8s)
  ep  11 train 0.0665 | val L1 0.0423 SSIM 0.8176 PSNR 25.06 obj 0.2247 (9s)
  ep  12 train 0.0635 | val L1 0.0591 SSIM 0.8051 PSNR 22.47 obj 0.2540 (9s)
  ep  13 train 0.0608 | val L1 0.0418 SSIM 0.8219 PSNR 25.27 obj 0.2199 (9s)
  ep  14 train 0.0602 | val L1 0.0403 SSIM 0.8280 PSNR 25.35 obj 0.2124 (9s)
  ep  15 train 0.0577 | val L1 0.0387 SSIM 0.8349 PSNR 25.88 obj 0.2038 (8s)
  ep  16 train 0.0566 | val L1 0.0446 SSIM 0.8360 PSNR 24.77 obj 0.2086 (9s)
  ep  17 train 0.0545 | val L1 0.0374 SSIM 0.8457 PSNR 26.17 obj 0.1917 (9s)
  ep  18 train 0.0540 | val L1 0.0374 SSIM 0.8486 PSNR 26.19 obj 0.1888 (9s)
  ep  19 train 0.0534 | val L1 0.0343 SSIM 0.8487 PSNR 26.68 obj 0.1856 (9s)
  ep  20 train 0.0525 | val L1 0.0351 SSIM 0.8502 PSNR 26.52 obj 0.1849 (8s)
  ep  21 train 0.0515 | val L1 0.0327 SSIM 0.8533 PSNR 27.06 obj 0.1794 (9s)
  ep  22 train 0.0512 | val L1 0.0328 SSIM 0.8535 PSNR 27.05 obj 0.1793 (9s)
  ep  23 train 0.0508 | val L1 0.0320 SSIM 0.8543 PSNR 27.21 obj 0.1776 (9s)
  ep  24 train 0.0506 | val L1 0.0322 SSIM 0.8536 PSNR 27.18 obj 0.1786 (9s)
  ep  25 train 0.0505 | val L1 0.0320 SSIM 0.8550 PSNR 27.19 obj 0.1770 (8s)
salt_pepper best val: {'l1': 0.03200685232877731, 'ssim': 0.8549978733062744, 'psnr': 27.18680763244629, 'objective': 0.1770089790225029, 'epoch': 25}
=== specialist: blur
  ep   1 train 0.2051 | val L1 0.0786 SSIM 0.5523 PSNR 19.69 obj 0.5264 (10s)
  ep   2 train 0.1088 | val L1 0.0573 SSIM 0.6783 PSNR 22.36 obj 0.3790 (10s)
  ep   3 train 0.0925 | val L1 0.0557 SSIM 0.7265 PSNR 22.70 obj 0.3292 (9s)
  ep   4 train 0.0843 | val L1 0.0575 SSIM 0.7115 PSNR 22.56 obj 0.3459 (10s)
  ep   5 train 0.0781 | val L1 0.0690 SSIM 0.7004 PSNR 20.78 obj 0.3686 (9s)
  ep   6 train 0.0755 | val L1 0.0624 SSIM 0.7468 PSNR 21.99 obj 0.3156 (9s)
  ep   7 train 0.0720 | val L1 0.0460 SSIM 0.7958 PSNR 24.34 obj 0.2502 (10s)
  ep   8 train 0.0708 | val L1 0.0457 SSIM 0.7935 PSNR 24.31 obj 0.2522 (9s)
  ep   9 train 0.0679 | val L1 0.0569 SSIM 0.8020 PSNR 22.69 obj 0.2549 (9s)
  ep  10 train 0.0665 | val L1 0.0563 SSIM 0.7976 PSNR 22.97 obj 0.2587 (10s)
  ep  11 train 0.0660 | val L1 0.0495 SSIM 0.8018 PSNR 23.84 obj 0.2477 (9s)
  ep  12 train 0.0645 | val L1 0.0480 SSIM 0.8137 PSNR 24.12 obj 0.2343 (10s)
  ep  13 train 0.0625 | val L1 0.0453 SSIM 0.8148 PSNR 24.85 obj 0.2305 (10s)
  ep  14 train 0.0622 | val L1 0.0396 SSIM 0.8259 PSNR 25.57 obj 0.2137 (9s)
  ep  15 train 0.0597 | val L1 0.0406 SSIM 0.8303 PSNR 25.52 obj 0.2103 (10s)
  ep  16 train 0.0591 | val L1 0.0413 SSIM 0.8329 PSNR 25.41 obj 0.2084 (9s)
  ep  17 train 0.0574 | val L1 0.0400 SSIM 0.8397 PSNR 25.81 obj 0.2003 (9s)
  ep  18 train 0.0561 | val L1 0.0412 SSIM 0.8408 PSNR 25.55 obj 0.2004 (10s)
  ep  19 train 0.0555 | val L1 0.0371 SSIM 0.8384 PSNR 26.18 obj 0.1987 (9s)
  ep  20 train 0.0543 | val L1 0.0353 SSIM 0.8455 PSNR 26.51 obj 0.1898 (9s)
  ep  21 train 0.0535 | val L1 0.0347 SSIM 0.8464 PSNR 26.69 obj 0.1883 (10s)
  ep  22 train 0.0529 | val L1 0.0334 SSIM 0.8496 PSNR 26.95 obj 0.1838 (9s)
  ep  23 train 0.0524 | val L1 0.0328 SSIM 0.8496 PSNR 27.06 obj 0.1832 (10s)
  ep  24 train 0.0521 | val L1 0.0329 SSIM 0.8488 PSNR 27.04 obj 0.1842 (10s)
  ep  25 train 0.0522 | val L1 0.0328 SSIM 0.8502 PSNR 27.05 obj 0.1827 (9s)
blur best val: {'l1': 0.03283487632870674, 'ssim': 0.8501538038253784, 'psnr': 27.04804039001465, 'objective': 0.18268107250332832, 'epoch': 25}
=== specialist: occlusion
  ep   1 train 0.2203 | val L1 0.0974 SSIM 0.4536 PSNR 17.68 obj 0.6438 (9s)
  ep   2 train 0.1412 | val L1 0.0920 SSIM 0.5434 PSNR 17.76 obj 0.5485 (9s)
  ep   3 train 0.1242 | val L1 0.1153 SSIM 0.5510 PSNR 15.87 obj 0.5642 (9s)
  ep   4 train 0.1160 | val L1 0.0709 SSIM 0.6200 PSNR 20.00 obj 0.4509 (9s)
  ep   5 train 0.1088 | val L1 0.1265 SSIM 0.5867 PSNR 14.71 obj 0.5398 (8s)
  ep   6 train 0.1068 | val L1 0.0836 SSIM 0.6428 PSNR 19.07 obj 0.4408 (9s)
  ep   7 train 0.1022 | val L1 0.0627 SSIM 0.6792 PSNR 20.48 obj 0.3835 (9s)
  ep   8 train 0.1008 | val L1 0.0854 SSIM 0.6578 PSNR 18.80 obj 0.4276 (9s)
  ep   9 train 0.0982 | val L1 0.0959 SSIM 0.6534 PSNR 17.40 obj 0.4424 (9s)
  ep  10 train 0.0965 | val L1 0.0640 SSIM 0.6962 PSNR 20.44 obj 0.3678 (9s)
  ep  11 train 0.0955 | val L1 0.0635 SSIM 0.6961 PSNR 20.55 obj 0.3674 (9s)
  ep  12 train 0.0933 | val L1 0.0730 SSIM 0.6873 PSNR 18.94 obj 0.3858 (9s)
  ep  13 train 0.0918 | val L1 0.0591 SSIM 0.7114 PSNR 20.65 obj 0.3477 (8s)
  ep  14 train 0.0911 | val L1 0.0639 SSIM 0.7009 PSNR 20.68 obj 0.3630 (9s)
  ep  15 train 0.0877 | val L1 0.0556 SSIM 0.7169 PSNR 21.37 obj 0.3386 (9s)
  ep  16 train 0.0866 | val L1 0.0575 SSIM 0.7227 PSNR 20.93 obj 0.3348 (9s)
  ep  17 train 0.0850 | val L1 0.0537 SSIM 0.7258 PSNR 21.52 obj 0.3279 (9s)
  ep  18 train 0.0840 | val L1 0.0574 SSIM 0.7253 PSNR 21.31 obj 0.3321 (8s)
  ep  19 train 0.0827 | val L1 0.0529 SSIM 0.7265 PSNR 21.59 obj 0.3264 (9s)
  ep  20 train 0.0826 | val L1 0.0544 SSIM 0.7293 PSNR 21.15 obj 0.3251 (9s)
  ep  21 train 0.0818 | val L1 0.0522 SSIM 0.7320 PSNR 21.68 obj 0.3201 (9s)
  ep  22 train 0.0811 | val L1 0.0519 SSIM 0.7336 PSNR 21.67 obj 0.3183 (9s)
  ep  23 train 0.0806 | val L1 0.0510 SSIM 0.7335 PSNR 21.77 obj 0.3175 (9s)
  ep  24 train 0.0806 | val L1 0.0506 SSIM 0.7345 PSNR 21.78 obj 0.3161 (9s)
  ep  25 train 0.0807 | val L1 0.0509 SSIM 0.7349 PSNR 21.76 obj 0.3160 (9s)
occlusion best val: {'l1': 0.050919871777296066, 'ssim': 0.7349469065666199, 'psnr': 21.75834846496582, 'objective': 0.3159729652106762, 'epoch': 25}
